Simulator report for 8bit_mul_qsim
Wed Oct 16 13:56:51 2019
Quartus II 64-Bit Version 13.0.1 Build 232 06/12/2013 Service Pack 1 SJ Full Version


---------------------
; Table of Contents ;
---------------------
  1. Legal Notice
  2. Simulator Summary
  3. Simulator Settings
  4. Simulation Waveforms
  5. Coverage Summary
  6. Complete 1/0-Value Coverage
  7. Missing 1-Value Coverage
  8. Missing 0-Value Coverage
  9. Simulator INI Usage
 10. Simulator Messages



----------------
; Legal Notice ;
----------------
Copyright (C) 1991-2013 Altera Corporation
Your use of Altera Corporation's design tools, logic functions 
and other software and tools, and its AMPP partner logic 
functions, and any output files from any of the foregoing 
(including device programming or simulation files), and any 
associated documentation or information are expressly subject 
to the terms and conditions of the Altera Program License 
Subscription Agreement, Altera MegaCore Function License 
Agreement, or other applicable license agreement, including, 
without limitation, that your use is for the sole purpose of 
programming logic devices manufactured by Altera and sold by 
Altera or its authorized distributors.  Please refer to the 
applicable agreement for further details.



+--------------------------------------------+
; Simulator Summary                          ;
+-----------------------------+--------------+
; Type                        ; Value        ;
+-----------------------------+--------------+
; Simulation Start Time       ; 0 ps         ;
; Simulation End Time         ; 1.0 us       ;
; Simulation Netlist Size     ; 285 nodes    ;
; Simulation Coverage         ;       0.00 % ;
; Total Number of Transitions ; 0            ;
; Simulation Breakpoints      ; 0            ;
; Family                      ; Cyclone III  ;
+-----------------------------+--------------+


+------------------------------------------------------------------------------------------------------------------------------------------------------------------------+
; Simulator Settings                                                                                                                                                     ;
+--------------------------------------------------------------------------------------------+-----------------------------------------------------------+---------------+
; Option                                                                                     ; Setting                                                   ; Default Value ;
+--------------------------------------------------------------------------------------------+-----------------------------------------------------------+---------------+
; Simulation mode                                                                            ; Functional                                                ; Timing        ;
; Start time                                                                                 ; 0 ns                                                      ; 0 ns          ;
; Simulation results format                                                                  ; VWF                                                       ;               ;
; Vector input source                                                                        ; D:/Impurity/Computer Composition/T3/8bit_mul/Waveform.vwf ;               ;
; Add pins automatically to simulation output waveforms                                      ; On                                                        ; On            ;
; Check outputs                                                                              ; Off                                                       ; Off           ;
; Report simulation coverage                                                                 ; On                                                        ; On            ;
; Display complete 1/0 value coverage report                                                 ; On                                                        ; On            ;
; Display missing 1-value coverage report                                                    ; On                                                        ; On            ;
; Display missing 0-value coverage report                                                    ; On                                                        ; On            ;
; Detect setup and hold time violations                                                      ; Off                                                       ; Off           ;
; Detect glitches                                                                            ; Off                                                       ; Off           ;
; Disable timing delays in Timing Simulation                                                 ; Off                                                       ; Off           ;
; Generate Signal Activity File                                                              ; Off                                                       ; Off           ;
; Generate VCD File for PowerPlay Power Analyzer                                             ; Off                                                       ; Off           ;
; Group bus channels in simulation results                                                   ; Off                                                       ; Off           ;
; Preserve fewer signal transitions to reduce memory requirements                            ; On                                                        ; On            ;
; Trigger vector comparison with the specified mode                                          ; INPUT_EDGE                                                ; INPUT_EDGE    ;
; Disable setup and hold time violations detection in input registers of bi-directional pins ; Off                                                       ; Off           ;
; Overwrite Waveform Inputs With Simulation Outputs                                          ; Off                                                       ;               ;
; Perform Glitch Filtering in Timing Simulation                                              ; Auto                                                      ; Auto          ;
; Interconnect Delay Model Type                                                              ; Transport                                                 ; Transport     ;
; Cell Delay Model Type                                                                      ; Transport                                                 ; Transport     ;
+--------------------------------------------------------------------------------------------+-----------------------------------------------------------+---------------+


+----------------------+
; Simulation Waveforms ;
+----------------------+
Waveform report data cannot be output to ASCII.
Please use Quartus II 64-Bit to view the waveform report data.


+--------------------------------------------------------------------+
; Coverage Summary                                                   ;
+-----------------------------------------------------+--------------+
; Type                                                ; Value        ;
+-----------------------------------------------------+--------------+
; Total coverage as a percentage                      ;       0.00 % ;
; Total nodes checked                                 ; 285          ;
; Total output ports checked                          ; 285          ;
; Total output ports with complete 1/0-value coverage ; 0            ;
; Total output ports with no 1/0-value coverage       ; 285          ;
; Total output ports with no 1-value coverage         ; 285          ;
; Total output ports with no 0-value coverage         ; 285          ;
+-----------------------------------------------------+--------------+


The following table displays output ports that toggle between 1 and 0 during simulation.
+-------------------------------------------------+
; Complete 1/0-Value Coverage                     ;
+-----------+------------------+------------------+
; Node Name ; Output Port Name ; Output Port Type ;
+-----------+------------------+------------------+


The following table displays output ports that do not toggle to 1 during simulation.
+----------------------------------------------------------------------------------------------------+
; Missing 1-Value Coverage                                                                           ;
+----------------------------------------+----------------------------------------+------------------+
; Node Name                              ; Output Port Name                       ; Output Port Type ;
+----------------------------------------+----------------------------------------+------------------+
; |8bit_mul|C0                           ; |8bit_mul|C0                           ; pin_out          ;
; |8bit_mul|A0                           ; |8bit_mul|A0                           ; out              ;
; |8bit_mul|A1                           ; |8bit_mul|A1                           ; out              ;
; |8bit_mul|A2                           ; |8bit_mul|A2                           ; out              ;
; |8bit_mul|B1                           ; |8bit_mul|B1                           ; out              ;
; |8bit_mul|B0                           ; |8bit_mul|B0                           ; out              ;
; |8bit_mul|A3                           ; |8bit_mul|A3                           ; out              ;
; |8bit_mul|B3                           ; |8bit_mul|B3                           ; out              ;
; |8bit_mul|B2                           ; |8bit_mul|B2                           ; out              ;
; |8bit_mul|C1                           ; |8bit_mul|C1                           ; pin_out          ;
; |8bit_mul|C2                           ; |8bit_mul|C2                           ; pin_out          ;
; |8bit_mul|C3                           ; |8bit_mul|C3                           ; pin_out          ;
; |8bit_mul|C4                           ; |8bit_mul|C4                           ; pin_out          ;
; |8bit_mul|B5                           ; |8bit_mul|B5                           ; out              ;
; |8bit_mul|B4                           ; |8bit_mul|B4                           ; out              ;
; |8bit_mul|B7                           ; |8bit_mul|B7                           ; out              ;
; |8bit_mul|B6                           ; |8bit_mul|B6                           ; out              ;
; |8bit_mul|A4                           ; |8bit_mul|A4                           ; out              ;
; |8bit_mul|A5                           ; |8bit_mul|A5                           ; out              ;
; |8bit_mul|A6                           ; |8bit_mul|A6                           ; out              ;
; |8bit_mul|A7                           ; |8bit_mul|A7                           ; out              ;
; |8bit_mul|C5                           ; |8bit_mul|C5                           ; pin_out          ;
; |8bit_mul|C6                           ; |8bit_mul|C6                           ; pin_out          ;
; |8bit_mul|C7                           ; |8bit_mul|C7                           ; pin_out          ;
; |8bit_mul|74285:inst5|66               ; |8bit_mul|74285:inst5|66               ; out0             ;
; |8bit_mul|74285:inst5|64               ; |8bit_mul|74285:inst5|64               ; out0             ;
; |8bit_mul|74285:inst5|49               ; |8bit_mul|74285:inst5|49               ; out0             ;
; |8bit_mul|74285:inst5|44               ; |8bit_mul|74285:inst5|44               ; out0             ;
; |8bit_mul|74285:inst5|41               ; |8bit_mul|74285:inst5|41               ; out0             ;
; |8bit_mul|74285:inst5|40               ; |8bit_mul|74285:inst5|40               ; out0             ;
; |8bit_mul|74285:inst5|50               ; |8bit_mul|74285:inst5|50               ; out0             ;
; |8bit_mul|74285:inst5|51               ; |8bit_mul|74285:inst5|51               ; out0             ;
; |8bit_mul|74285:inst5|43               ; |8bit_mul|74285:inst5|43               ; out0             ;
; |8bit_mul|74285:inst5|47               ; |8bit_mul|74285:inst5|47               ; out0             ;
; |8bit_mul|74285:inst5|52               ; |8bit_mul|74285:inst5|52               ; out0             ;
; |8bit_mul|74285:inst5|53               ; |8bit_mul|74285:inst5|53               ; out0             ;
; |8bit_mul|74285:inst5|54               ; |8bit_mul|74285:inst5|54               ; out0             ;
; |8bit_mul|74285:inst5|60               ; |8bit_mul|74285:inst5|60               ; out0             ;
; |8bit_mul|74285:inst5|58               ; |8bit_mul|74285:inst5|58               ; out0             ;
; |8bit_mul|74285:inst5|62               ; |8bit_mul|74285:inst5|62               ; out0             ;
; |8bit_mul|74285:inst5|55               ; |8bit_mul|74285:inst5|55               ; out0             ;
; |8bit_mul|74285:inst5|61               ; |8bit_mul|74285:inst5|61               ; out0             ;
; |8bit_mul|74285:inst5|59               ; |8bit_mul|74285:inst5|59               ; out0             ;
; |8bit_mul|74285:inst5|65               ; |8bit_mul|74285:inst5|65               ; out0             ;
; |8bit_mul|74285:inst5|28               ; |8bit_mul|74285:inst5|28               ; out0             ;
; |8bit_mul|74285:inst5|20               ; |8bit_mul|74285:inst5|20               ; out0             ;
; |8bit_mul|74285:inst5|21               ; |8bit_mul|74285:inst5|21               ; out0             ;
; |8bit_mul|74285:inst5|24               ; |8bit_mul|74285:inst5|24               ; out0             ;
; |8bit_mul|74285:inst5|19               ; |8bit_mul|74285:inst5|19               ; out0             ;
; |8bit_mul|74285:inst5|23               ; |8bit_mul|74285:inst5|23               ; out0             ;
; |8bit_mul|74285:inst5|22               ; |8bit_mul|74285:inst5|22               ; out0             ;
; |8bit_mul|74285:inst5|27               ; |8bit_mul|74285:inst5|27               ; out0             ;
; |8bit_mul|74285:inst5|26               ; |8bit_mul|74285:inst5|26               ; out0             ;
; |8bit_mul|74285:inst5|14               ; |8bit_mul|74285:inst5|14               ; out0             ;
; |8bit_mul|74285:inst5|15               ; |8bit_mul|74285:inst5|15               ; out0             ;
; |8bit_mul|74285:inst5|16               ; |8bit_mul|74285:inst5|16               ; out0             ;
; |8bit_mul|74285:inst5|12               ; |8bit_mul|74285:inst5|12               ; out0             ;
; |8bit_mul|74285:inst6|66               ; |8bit_mul|74285:inst6|66               ; out0             ;
; |8bit_mul|74285:inst6|64               ; |8bit_mul|74285:inst6|64               ; out0             ;
; |8bit_mul|74285:inst6|49               ; |8bit_mul|74285:inst6|49               ; out0             ;
; |8bit_mul|74285:inst6|44               ; |8bit_mul|74285:inst6|44               ; out0             ;
; |8bit_mul|74285:inst6|41               ; |8bit_mul|74285:inst6|41               ; out0             ;
; |8bit_mul|74285:inst6|40               ; |8bit_mul|74285:inst6|40               ; out0             ;
; |8bit_mul|74285:inst6|50               ; |8bit_mul|74285:inst6|50               ; out0             ;
; |8bit_mul|74285:inst6|51               ; |8bit_mul|74285:inst6|51               ; out0             ;
; |8bit_mul|74285:inst6|43               ; |8bit_mul|74285:inst6|43               ; out0             ;
; |8bit_mul|74285:inst6|47               ; |8bit_mul|74285:inst6|47               ; out0             ;
; |8bit_mul|74285:inst6|52               ; |8bit_mul|74285:inst6|52               ; out0             ;
; |8bit_mul|74285:inst6|53               ; |8bit_mul|74285:inst6|53               ; out0             ;
; |8bit_mul|74285:inst6|54               ; |8bit_mul|74285:inst6|54               ; out0             ;
; |8bit_mul|74285:inst6|60               ; |8bit_mul|74285:inst6|60               ; out0             ;
; |8bit_mul|74285:inst6|58               ; |8bit_mul|74285:inst6|58               ; out0             ;
; |8bit_mul|74285:inst6|62               ; |8bit_mul|74285:inst6|62               ; out0             ;
; |8bit_mul|74285:inst6|55               ; |8bit_mul|74285:inst6|55               ; out0             ;
; |8bit_mul|74285:inst6|61               ; |8bit_mul|74285:inst6|61               ; out0             ;
; |8bit_mul|74285:inst6|59               ; |8bit_mul|74285:inst6|59               ; out0             ;
; |8bit_mul|74285:inst6|65               ; |8bit_mul|74285:inst6|65               ; out0             ;
; |8bit_mul|74285:inst6|28               ; |8bit_mul|74285:inst6|28               ; out0             ;
; |8bit_mul|74285:inst6|20               ; |8bit_mul|74285:inst6|20               ; out0             ;
; |8bit_mul|74285:inst6|21               ; |8bit_mul|74285:inst6|21               ; out0             ;
; |8bit_mul|74285:inst6|24               ; |8bit_mul|74285:inst6|24               ; out0             ;
; |8bit_mul|74285:inst6|19               ; |8bit_mul|74285:inst6|19               ; out0             ;
; |8bit_mul|74285:inst6|23               ; |8bit_mul|74285:inst6|23               ; out0             ;
; |8bit_mul|74285:inst6|22               ; |8bit_mul|74285:inst6|22               ; out0             ;
; |8bit_mul|74285:inst6|27               ; |8bit_mul|74285:inst6|27               ; out0             ;
; |8bit_mul|74285:inst6|26               ; |8bit_mul|74285:inst6|26               ; out0             ;
; |8bit_mul|74285:inst6|14               ; |8bit_mul|74285:inst6|14               ; out0             ;
; |8bit_mul|74285:inst6|15               ; |8bit_mul|74285:inst6|15               ; out0             ;
; |8bit_mul|74285:inst6|16               ; |8bit_mul|74285:inst6|16               ; out0             ;
; |8bit_mul|74285:inst6|12               ; |8bit_mul|74285:inst6|12               ; out0             ;
; |8bit_mul|74284:inst|166               ; |8bit_mul|74284:inst|166               ; out0             ;
; |8bit_mul|74284:inst|164               ; |8bit_mul|74284:inst|164               ; out0             ;
; |8bit_mul|74284:inst|115               ; |8bit_mul|74284:inst|115               ; out0             ;
; |8bit_mul|74284:inst|124               ; |8bit_mul|74284:inst|124               ; out0             ;
; |8bit_mul|74284:inst|122               ; |8bit_mul|74284:inst|122               ; out0             ;
; |8bit_mul|74284:inst|120               ; |8bit_mul|74284:inst|120               ; out0             ;
; |8bit_mul|74284:inst|116               ; |8bit_mul|74284:inst|116               ; out0             ;
; |8bit_mul|74284:inst|118               ; |8bit_mul|74284:inst|118               ; out0             ;
; |8bit_mul|74284:inst|121               ; |8bit_mul|74284:inst|121               ; out0             ;
; |8bit_mul|74284:inst|125               ; |8bit_mul|74284:inst|125               ; out0             ;
; |8bit_mul|74284:inst|134               ; |8bit_mul|74284:inst|134               ; out0             ;
; |8bit_mul|74284:inst|132               ; |8bit_mul|74284:inst|132               ; out0             ;
; |8bit_mul|74284:inst|129               ; |8bit_mul|74284:inst|129               ; out0             ;
; |8bit_mul|74284:inst|131               ; |8bit_mul|74284:inst|131               ; out0             ;
; |8bit_mul|74284:inst|135               ; |8bit_mul|74284:inst|135               ; out0             ;
; |8bit_mul|74284:inst|137               ; |8bit_mul|74284:inst|137               ; out0             ;
; |8bit_mul|74284:inst|141               ; |8bit_mul|74284:inst|141               ; out0             ;
; |8bit_mul|74284:inst|143               ; |8bit_mul|74284:inst|143               ; out0             ;
; |8bit_mul|74284:inst|165               ; |8bit_mul|74284:inst|165               ; out0             ;
; |8bit_mul|74284:inst|145               ; |8bit_mul|74284:inst|145               ; out0             ;
; |8bit_mul|74284:inst|147               ; |8bit_mul|74284:inst|147               ; out0             ;
; |8bit_mul|74284:inst|149               ; |8bit_mul|74284:inst|149               ; out0             ;
; |8bit_mul|74284:inst|151               ; |8bit_mul|74284:inst|151               ; out0             ;
; |8bit_mul|74284:inst|153               ; |8bit_mul|74284:inst|153               ; out0             ;
; |8bit_mul|74284:inst|155               ; |8bit_mul|74284:inst|155               ; out0             ;
; |8bit_mul|74284:inst|160               ; |8bit_mul|74284:inst|160               ; out0             ;
; |8bit_mul|74284:inst|45                ; |8bit_mul|74284:inst|45                ; out0             ;
; |8bit_mul|74284:inst|40                ; |8bit_mul|74284:inst|40                ; out0             ;
; |8bit_mul|74284:inst|38                ; |8bit_mul|74284:inst|38                ; out0             ;
; |8bit_mul|74284:inst|34                ; |8bit_mul|74284:inst|34                ; out0             ;
; |8bit_mul|74284:inst|31                ; |8bit_mul|74284:inst|31                ; out0             ;
; |8bit_mul|74284:inst|30                ; |8bit_mul|74284:inst|30                ; out0             ;
; |8bit_mul|74284:inst|28                ; |8bit_mul|74284:inst|28                ; out0             ;
; |8bit_mul|74284:inst|26                ; |8bit_mul|74284:inst|26                ; out0             ;
; |8bit_mul|74284:inst|27                ; |8bit_mul|74284:inst|27                ; out0             ;
; |8bit_mul|74284:inst|29                ; |8bit_mul|74284:inst|29                ; out0             ;
; |8bit_mul|74284:inst|32                ; |8bit_mul|74284:inst|32                ; out0             ;
; |8bit_mul|74284:inst|25                ; |8bit_mul|74284:inst|25                ; out0             ;
; |8bit_mul|74284:inst|21                ; |8bit_mul|74284:inst|21                ; out0             ;
; |8bit_mul|74284:inst|19                ; |8bit_mul|74284:inst|19                ; out0             ;
; |8bit_mul|74284:inst|20                ; |8bit_mul|74284:inst|20                ; out0             ;
; |8bit_mul|74284:inst|24                ; |8bit_mul|74284:inst|24                ; out0             ;
; |8bit_mul|74284:inst|22                ; |8bit_mul|74284:inst|22                ; out0             ;
; |8bit_mul|74284:inst|23                ; |8bit_mul|74284:inst|23                ; out0             ;
; |8bit_mul|74284:inst|33                ; |8bit_mul|74284:inst|33                ; out0             ;
; |8bit_mul|74284:inst|37                ; |8bit_mul|74284:inst|37                ; out0             ;
; |8bit_mul|74284:inst|36                ; |8bit_mul|74284:inst|36                ; out0             ;
; |8bit_mul|74284:inst|17                ; |8bit_mul|74284:inst|17                ; out0             ;
; |8bit_mul|74284:inst|15                ; |8bit_mul|74284:inst|15                ; out0             ;
; |8bit_mul|74284:inst|12                ; |8bit_mul|74284:inst|12                ; out0             ;
; |8bit_mul|74284:inst|14                ; |8bit_mul|74284:inst|14                ; out0             ;
; |8bit_mul|74284:inst|13                ; |8bit_mul|74284:inst|13                ; out0             ;
; |8bit_mul|74284:inst|16                ; |8bit_mul|74284:inst|16                ; out0             ;
; |8bit_mul|74284:inst|39                ; |8bit_mul|74284:inst|39                ; out0             ;
; |8bit_mul|74284:inst|44                ; |8bit_mul|74284:inst|44                ; out0             ;
; |8bit_mul|74284:inst|43                ; |8bit_mul|74284:inst|43                ; out0             ;
; |8bit_mul|74284:inst|42                ; |8bit_mul|74284:inst|42                ; out0             ;
; |8bit_mul|74284:inst|41                ; |8bit_mul|74284:inst|41                ; out0             ;
; |8bit_mul|74284:inst|109               ; |8bit_mul|74284:inst|109               ; out0             ;
; |8bit_mul|74284:inst|107               ; |8bit_mul|74284:inst|107               ; out0             ;
; |8bit_mul|74284:inst|104               ; |8bit_mul|74284:inst|104               ; out0             ;
; |8bit_mul|74284:inst|92                ; |8bit_mul|74284:inst|92                ; out0             ;
; |8bit_mul|74284:inst|91                ; |8bit_mul|74284:inst|91                ; out0             ;
; |8bit_mul|74284:inst|89                ; |8bit_mul|74284:inst|89                ; out0             ;
; |8bit_mul|74284:inst|69                ; |8bit_mul|74284:inst|69                ; out0             ;
; |8bit_mul|74284:inst|65                ; |8bit_mul|74284:inst|65                ; out0             ;
; |8bit_mul|74284:inst|63                ; |8bit_mul|74284:inst|63                ; out0             ;
; |8bit_mul|74284:inst|64                ; |8bit_mul|74284:inst|64                ; out0             ;
; |8bit_mul|74284:inst|68                ; |8bit_mul|74284:inst|68                ; out0             ;
; |8bit_mul|74284:inst|66                ; |8bit_mul|74284:inst|66                ; out0             ;
; |8bit_mul|74284:inst|67                ; |8bit_mul|74284:inst|67                ; out0             ;
; |8bit_mul|74284:inst|90                ; |8bit_mul|74284:inst|90                ; out0             ;
; |8bit_mul|74284:inst|75                ; |8bit_mul|74284:inst|75                ; out0             ;
; |8bit_mul|74284:inst|74                ; |8bit_mul|74284:inst|74                ; out0             ;
; |8bit_mul|74284:inst|73                ; |8bit_mul|74284:inst|73                ; out0             ;
; |8bit_mul|74284:inst|71                ; |8bit_mul|74284:inst|71                ; out0             ;
; |8bit_mul|74284:inst|72                ; |8bit_mul|74284:inst|72                ; out0             ;
; |8bit_mul|74284:inst|98                ; |8bit_mul|74284:inst|98                ; out0             ;
; |8bit_mul|74284:inst|99                ; |8bit_mul|74284:inst|99                ; out0             ;
; |8bit_mul|74284:inst|93                ; |8bit_mul|74284:inst|93                ; out0             ;
; |8bit_mul|74284:inst|95                ; |8bit_mul|74284:inst|95                ; out0             ;
; |8bit_mul|74284:inst|94                ; |8bit_mul|74284:inst|94                ; out0             ;
; |8bit_mul|74284:inst|97                ; |8bit_mul|74284:inst|97                ; out0             ;
; |8bit_mul|74284:inst|96                ; |8bit_mul|74284:inst|96                ; out0             ;
; |8bit_mul|74284:inst|61                ; |8bit_mul|74284:inst|61                ; out0             ;
; |8bit_mul|74284:inst|60                ; |8bit_mul|74284:inst|60                ; out0             ;
; |8bit_mul|74284:inst|56                ; |8bit_mul|74284:inst|56                ; out0             ;
; |8bit_mul|74284:inst|58                ; |8bit_mul|74284:inst|58                ; out0             ;
; |8bit_mul|74284:inst|57                ; |8bit_mul|74284:inst|57                ; out0             ;
; |8bit_mul|74284:inst|59                ; |8bit_mul|74284:inst|59                ; out0             ;
; |8bit_mul|74284:inst|102               ; |8bit_mul|74284:inst|102               ; out0             ;
; |8bit_mul|74284:inst|101               ; |8bit_mul|74284:inst|101               ; out0             ;
; |8bit_mul|74284:inst|108               ; |8bit_mul|74284:inst|108               ; out0             ;
; |8bit_mul|74284:inst|110               ; |8bit_mul|74284:inst|110               ; out0             ;
; |8bit_mul|74284:inst|88                ; |8bit_mul|74284:inst|88                ; out0             ;
; |8bit_mul|74284:inst|80                ; |8bit_mul|74284:inst|80                ; out0             ;
; |8bit_mul|74284:inst|79                ; |8bit_mul|74284:inst|79                ; out0             ;
; |8bit_mul|74284:inst|55                ; |8bit_mul|74284:inst|55                ; out0             ;
; |8bit_mul|74284:inst|53                ; |8bit_mul|74284:inst|53                ; out0             ;
; |8bit_mul|74284:inst|54                ; |8bit_mul|74284:inst|54                ; out0             ;
; |8bit_mul|74284:inst|87                ; |8bit_mul|74284:inst|87                ; out0             ;
; |8bit_mul|74284:inst|76                ; |8bit_mul|74284:inst|76                ; out0             ;
; |8bit_mul|74284:inst|81                ; |8bit_mul|74284:inst|81                ; out0             ;
; |8bit_mul|74284:inst|82                ; |8bit_mul|74284:inst|82                ; out0             ;
; |8bit_mul|74284:inst|83                ; |8bit_mul|74284:inst|83                ; out0             ;
; |8bit_mul|74284:inst|84                ; |8bit_mul|74284:inst|84                ; out0             ;
; |8bit_mul|74284:inst|85                ; |8bit_mul|74284:inst|85                ; out0             ;
; |8bit_mul|74284:inst|86                ; |8bit_mul|74284:inst|86                ; out0             ;
; |8bit_mul|74284:inst|183               ; |8bit_mul|74284:inst|183               ; out0             ;
; |8bit_mul|74284:inst|179               ; |8bit_mul|74284:inst|179               ; out0             ;
; |8bit_mul|74284:inst|178               ; |8bit_mul|74284:inst|178               ; out0             ;
; |8bit_mul|74284:inst|182               ; |8bit_mul|74284:inst|182               ; out0             ;
; |8bit_mul|74284:inst|180               ; |8bit_mul|74284:inst|180               ; out0             ;
; |8bit_mul|74284:inst|181               ; |8bit_mul|74284:inst|181               ; out0             ;
; |8bit_mul|74284:inst|174               ; |8bit_mul|74284:inst|174               ; out0             ;
; |8bit_mul|74284:inst|175               ; |8bit_mul|74284:inst|175               ; out0             ;
; |8bit_mul|74284:inst|171               ; |8bit_mul|74284:inst|171               ; out0             ;
; |8bit_mul|74284:inst|173               ; |8bit_mul|74284:inst|173               ; out0             ;
; |8bit_mul|74284:inst|172               ; |8bit_mul|74284:inst|172               ; out0             ;
; |8bit_mul|74284:inst|170               ; |8bit_mul|74284:inst|170               ; out0             ;
; |8bit_mul|74284:inst|169               ; |8bit_mul|74284:inst|169               ; out0             ;
; |8bit_mul|74284:inst|168               ; |8bit_mul|74284:inst|168               ; out0             ;
; |8bit_mul|74283:inst283|f74283:sub|76  ; |8bit_mul|74283:inst283|f74283:sub|76  ; out0             ;
; |8bit_mul|74283:inst283|f74283:sub|107 ; |8bit_mul|74283:inst283|f74283:sub|107 ; out0             ;
; |8bit_mul|74283:inst283|f74283:sub|101 ; |8bit_mul|74283:inst283|f74283:sub|101 ; out0             ;
; |8bit_mul|74283:inst283|f74283:sub|106 ; |8bit_mul|74283:inst283|f74283:sub|106 ; out0             ;
; |8bit_mul|74283:inst283|f74283:sub|98  ; |8bit_mul|74283:inst283|f74283:sub|98  ; out0             ;
; |8bit_mul|74283:inst283|f74283:sub|105 ; |8bit_mul|74283:inst283|f74283:sub|105 ; out0             ;
; |8bit_mul|74283:inst283|f74283:sub|95  ; |8bit_mul|74283:inst283|f74283:sub|95  ; out0             ;
; |8bit_mul|74283:inst283|f74283:sub|93  ; |8bit_mul|74283:inst283|f74283:sub|93  ; out0             ;
; |8bit_mul|74283:inst283|f74283:sub|97  ; |8bit_mul|74283:inst283|f74283:sub|97  ; out0             ;
; |8bit_mul|74283:inst283|f74283:sub|96  ; |8bit_mul|74283:inst283|f74283:sub|96  ; out0             ;
; |8bit_mul|74283:inst283|f74283:sub|100 ; |8bit_mul|74283:inst283|f74283:sub|100 ; out0             ;
; |8bit_mul|74283:inst283|f74283:sub|99  ; |8bit_mul|74283:inst283|f74283:sub|99  ; out0             ;
; |8bit_mul|74283:inst283|f74283:sub|103 ; |8bit_mul|74283:inst283|f74283:sub|103 ; out0             ;
; |8bit_mul|74283:inst283|f74283:sub|102 ; |8bit_mul|74283:inst283|f74283:sub|102 ; out0             ;
; |8bit_mul|74283:inst283|f74283:sub|82  ; |8bit_mul|74283:inst283|f74283:sub|82  ; out0             ;
; |8bit_mul|74283:inst283|f74283:sub|83  ; |8bit_mul|74283:inst283|f74283:sub|83  ; out0             ;
; |8bit_mul|74283:inst283|f74283:sub|80  ; |8bit_mul|74283:inst283|f74283:sub|80  ; out0             ;
; |8bit_mul|74283:inst283|f74283:sub|81  ; |8bit_mul|74283:inst283|f74283:sub|81  ; out0             ;
; |8bit_mul|74283:inst283|f74283:sub|78  ; |8bit_mul|74283:inst283|f74283:sub|78  ; out0             ;
; |8bit_mul|74283:inst283|f74283:sub|79  ; |8bit_mul|74283:inst283|f74283:sub|79  ; out0             ;
; |8bit_mul|74283:inst10|f74283:sub|76   ; |8bit_mul|74283:inst10|f74283:sub|76   ; out0             ;
; |8bit_mul|74283:inst10|f74283:sub|77   ; |8bit_mul|74283:inst10|f74283:sub|77   ; out0             ;
; |8bit_mul|74283:inst10|f74283:sub|106  ; |8bit_mul|74283:inst10|f74283:sub|106  ; out0             ;
; |8bit_mul|74283:inst10|f74283:sub|98   ; |8bit_mul|74283:inst10|f74283:sub|98   ; out0             ;
; |8bit_mul|74283:inst10|f74283:sub|105  ; |8bit_mul|74283:inst10|f74283:sub|105  ; out0             ;
; |8bit_mul|74283:inst10|f74283:sub|95   ; |8bit_mul|74283:inst10|f74283:sub|95   ; out0             ;
; |8bit_mul|74283:inst10|f74283:sub|104  ; |8bit_mul|74283:inst10|f74283:sub|104  ; out0             ;
; |8bit_mul|74283:inst10|f74283:sub|92   ; |8bit_mul|74283:inst10|f74283:sub|92   ; out0             ;
; |8bit_mul|74283:inst10|f74283:sub|93   ; |8bit_mul|74283:inst10|f74283:sub|93   ; out0             ;
; |8bit_mul|74283:inst10|f74283:sub|94   ; |8bit_mul|74283:inst10|f74283:sub|94   ; out0             ;
; |8bit_mul|74283:inst10|f74283:sub|97   ; |8bit_mul|74283:inst10|f74283:sub|97   ; out0             ;
; |8bit_mul|74283:inst10|f74283:sub|96   ; |8bit_mul|74283:inst10|f74283:sub|96   ; out0             ;
; |8bit_mul|74283:inst10|f74283:sub|100  ; |8bit_mul|74283:inst10|f74283:sub|100  ; out0             ;
; |8bit_mul|74283:inst10|f74283:sub|99   ; |8bit_mul|74283:inst10|f74283:sub|99   ; out0             ;
; |8bit_mul|74283:inst10|f74283:sub|82   ; |8bit_mul|74283:inst10|f74283:sub|82   ; out0             ;
; |8bit_mul|74283:inst10|f74283:sub|83   ; |8bit_mul|74283:inst10|f74283:sub|83   ; out0             ;
; |8bit_mul|74283:inst10|f74283:sub|80   ; |8bit_mul|74283:inst10|f74283:sub|80   ; out0             ;
; |8bit_mul|74283:inst10|f74283:sub|81   ; |8bit_mul|74283:inst10|f74283:sub|81   ; out0             ;
; |8bit_mul|74283:inst10|f74283:sub|78   ; |8bit_mul|74283:inst10|f74283:sub|78   ; out0             ;
; |8bit_mul|74283:inst10|f74283:sub|79   ; |8bit_mul|74283:inst10|f74283:sub|79   ; out0             ;
; |8bit_mul|74285:inst4|66               ; |8bit_mul|74285:inst4|66               ; out0             ;
; |8bit_mul|74285:inst4|64               ; |8bit_mul|74285:inst4|64               ; out0             ;
; |8bit_mul|74285:inst4|49               ; |8bit_mul|74285:inst4|49               ; out0             ;
; |8bit_mul|74285:inst4|44               ; |8bit_mul|74285:inst4|44               ; out0             ;
; |8bit_mul|74285:inst4|41               ; |8bit_mul|74285:inst4|41               ; out0             ;
; |8bit_mul|74285:inst4|40               ; |8bit_mul|74285:inst4|40               ; out0             ;
; |8bit_mul|74285:inst4|50               ; |8bit_mul|74285:inst4|50               ; out0             ;
; |8bit_mul|74285:inst4|51               ; |8bit_mul|74285:inst4|51               ; out0             ;
; |8bit_mul|74285:inst4|43               ; |8bit_mul|74285:inst4|43               ; out0             ;
; |8bit_mul|74285:inst4|47               ; |8bit_mul|74285:inst4|47               ; out0             ;
; |8bit_mul|74285:inst4|52               ; |8bit_mul|74285:inst4|52               ; out0             ;
; |8bit_mul|74285:inst4|53               ; |8bit_mul|74285:inst4|53               ; out0             ;
; |8bit_mul|74285:inst4|54               ; |8bit_mul|74285:inst4|54               ; out0             ;
; |8bit_mul|74285:inst4|60               ; |8bit_mul|74285:inst4|60               ; out0             ;
; |8bit_mul|74285:inst4|58               ; |8bit_mul|74285:inst4|58               ; out0             ;
; |8bit_mul|74285:inst4|62               ; |8bit_mul|74285:inst4|62               ; out0             ;
; |8bit_mul|74285:inst4|55               ; |8bit_mul|74285:inst4|55               ; out0             ;
; |8bit_mul|74285:inst4|61               ; |8bit_mul|74285:inst4|61               ; out0             ;
; |8bit_mul|74285:inst4|59               ; |8bit_mul|74285:inst4|59               ; out0             ;
; |8bit_mul|74285:inst4|65               ; |8bit_mul|74285:inst4|65               ; out0             ;
; |8bit_mul|74285:inst4|28               ; |8bit_mul|74285:inst4|28               ; out0             ;
; |8bit_mul|74285:inst4|20               ; |8bit_mul|74285:inst4|20               ; out0             ;
; |8bit_mul|74285:inst4|21               ; |8bit_mul|74285:inst4|21               ; out0             ;
; |8bit_mul|74285:inst4|24               ; |8bit_mul|74285:inst4|24               ; out0             ;
; |8bit_mul|74285:inst4|19               ; |8bit_mul|74285:inst4|19               ; out0             ;
; |8bit_mul|74285:inst4|23               ; |8bit_mul|74285:inst4|23               ; out0             ;
; |8bit_mul|74285:inst4|22               ; |8bit_mul|74285:inst4|22               ; out0             ;
; |8bit_mul|74285:inst4|27               ; |8bit_mul|74285:inst4|27               ; out0             ;
; |8bit_mul|74285:inst4|26               ; |8bit_mul|74285:inst4|26               ; out0             ;
; |8bit_mul|74285:inst4|14               ; |8bit_mul|74285:inst4|14               ; out0             ;
; |8bit_mul|74285:inst4|15               ; |8bit_mul|74285:inst4|15               ; out0             ;
; |8bit_mul|74285:inst4|16               ; |8bit_mul|74285:inst4|16               ; out0             ;
; |8bit_mul|74285:inst4|12               ; |8bit_mul|74285:inst4|12               ; out0             ;
+----------------------------------------+----------------------------------------+------------------+


The following table displays output ports that do not toggle to 0 during simulation.
+----------------------------------------------------------------------------------------------------+
; Missing 0-Value Coverage                                                                           ;
+----------------------------------------+----------------------------------------+------------------+
; Node Name                              ; Output Port Name                       ; Output Port Type ;
+----------------------------------------+----------------------------------------+------------------+
; |8bit_mul|C0                           ; |8bit_mul|C0                           ; pin_out          ;
; |8bit_mul|A0                           ; |8bit_mul|A0                           ; out              ;
; |8bit_mul|A1                           ; |8bit_mul|A1                           ; out              ;
; |8bit_mul|A2                           ; |8bit_mul|A2                           ; out              ;
; |8bit_mul|B1                           ; |8bit_mul|B1                           ; out              ;
; |8bit_mul|B0                           ; |8bit_mul|B0                           ; out              ;
; |8bit_mul|A3                           ; |8bit_mul|A3                           ; out              ;
; |8bit_mul|B3                           ; |8bit_mul|B3                           ; out              ;
; |8bit_mul|B2                           ; |8bit_mul|B2                           ; out              ;
; |8bit_mul|C1                           ; |8bit_mul|C1                           ; pin_out          ;
; |8bit_mul|C2                           ; |8bit_mul|C2                           ; pin_out          ;
; |8bit_mul|C3                           ; |8bit_mul|C3                           ; pin_out          ;
; |8bit_mul|C4                           ; |8bit_mul|C4                           ; pin_out          ;
; |8bit_mul|B5                           ; |8bit_mul|B5                           ; out              ;
; |8bit_mul|B4                           ; |8bit_mul|B4                           ; out              ;
; |8bit_mul|B7                           ; |8bit_mul|B7                           ; out              ;
; |8bit_mul|B6                           ; |8bit_mul|B6                           ; out              ;
; |8bit_mul|A4                           ; |8bit_mul|A4                           ; out              ;
; |8bit_mul|A5                           ; |8bit_mul|A5                           ; out              ;
; |8bit_mul|A6                           ; |8bit_mul|A6                           ; out              ;
; |8bit_mul|A7                           ; |8bit_mul|A7                           ; out              ;
; |8bit_mul|C5                           ; |8bit_mul|C5                           ; pin_out          ;
; |8bit_mul|C6                           ; |8bit_mul|C6                           ; pin_out          ;
; |8bit_mul|C7                           ; |8bit_mul|C7                           ; pin_out          ;
; |8bit_mul|74285:inst5|66               ; |8bit_mul|74285:inst5|66               ; out0             ;
; |8bit_mul|74285:inst5|64               ; |8bit_mul|74285:inst5|64               ; out0             ;
; |8bit_mul|74285:inst5|49               ; |8bit_mul|74285:inst5|49               ; out0             ;
; |8bit_mul|74285:inst5|44               ; |8bit_mul|74285:inst5|44               ; out0             ;
; |8bit_mul|74285:inst5|41               ; |8bit_mul|74285:inst5|41               ; out0             ;
; |8bit_mul|74285:inst5|40               ; |8bit_mul|74285:inst5|40               ; out0             ;
; |8bit_mul|74285:inst5|50               ; |8bit_mul|74285:inst5|50               ; out0             ;
; |8bit_mul|74285:inst5|51               ; |8bit_mul|74285:inst5|51               ; out0             ;
; |8bit_mul|74285:inst5|43               ; |8bit_mul|74285:inst5|43               ; out0             ;
; |8bit_mul|74285:inst5|47               ; |8bit_mul|74285:inst5|47               ; out0             ;
; |8bit_mul|74285:inst5|52               ; |8bit_mul|74285:inst5|52               ; out0             ;
; |8bit_mul|74285:inst5|53               ; |8bit_mul|74285:inst5|53               ; out0             ;
; |8bit_mul|74285:inst5|54               ; |8bit_mul|74285:inst5|54               ; out0             ;
; |8bit_mul|74285:inst5|60               ; |8bit_mul|74285:inst5|60               ; out0             ;
; |8bit_mul|74285:inst5|58               ; |8bit_mul|74285:inst5|58               ; out0             ;
; |8bit_mul|74285:inst5|62               ; |8bit_mul|74285:inst5|62               ; out0             ;
; |8bit_mul|74285:inst5|55               ; |8bit_mul|74285:inst5|55               ; out0             ;
; |8bit_mul|74285:inst5|61               ; |8bit_mul|74285:inst5|61               ; out0             ;
; |8bit_mul|74285:inst5|59               ; |8bit_mul|74285:inst5|59               ; out0             ;
; |8bit_mul|74285:inst5|65               ; |8bit_mul|74285:inst5|65               ; out0             ;
; |8bit_mul|74285:inst5|28               ; |8bit_mul|74285:inst5|28               ; out0             ;
; |8bit_mul|74285:inst5|20               ; |8bit_mul|74285:inst5|20               ; out0             ;
; |8bit_mul|74285:inst5|21               ; |8bit_mul|74285:inst5|21               ; out0             ;
; |8bit_mul|74285:inst5|24               ; |8bit_mul|74285:inst5|24               ; out0             ;
; |8bit_mul|74285:inst5|19               ; |8bit_mul|74285:inst5|19               ; out0             ;
; |8bit_mul|74285:inst5|23               ; |8bit_mul|74285:inst5|23               ; out0             ;
; |8bit_mul|74285:inst5|22               ; |8bit_mul|74285:inst5|22               ; out0             ;
; |8bit_mul|74285:inst5|27               ; |8bit_mul|74285:inst5|27               ; out0             ;
; |8bit_mul|74285:inst5|26               ; |8bit_mul|74285:inst5|26               ; out0             ;
; |8bit_mul|74285:inst5|14               ; |8bit_mul|74285:inst5|14               ; out0             ;
; |8bit_mul|74285:inst5|15               ; |8bit_mul|74285:inst5|15               ; out0             ;
; |8bit_mul|74285:inst5|16               ; |8bit_mul|74285:inst5|16               ; out0             ;
; |8bit_mul|74285:inst5|12               ; |8bit_mul|74285:inst5|12               ; out0             ;
; |8bit_mul|74285:inst6|66               ; |8bit_mul|74285:inst6|66               ; out0             ;
; |8bit_mul|74285:inst6|64               ; |8bit_mul|74285:inst6|64               ; out0             ;
; |8bit_mul|74285:inst6|49               ; |8bit_mul|74285:inst6|49               ; out0             ;
; |8bit_mul|74285:inst6|44               ; |8bit_mul|74285:inst6|44               ; out0             ;
; |8bit_mul|74285:inst6|41               ; |8bit_mul|74285:inst6|41               ; out0             ;
; |8bit_mul|74285:inst6|40               ; |8bit_mul|74285:inst6|40               ; out0             ;
; |8bit_mul|74285:inst6|50               ; |8bit_mul|74285:inst6|50               ; out0             ;
; |8bit_mul|74285:inst6|51               ; |8bit_mul|74285:inst6|51               ; out0             ;
; |8bit_mul|74285:inst6|43               ; |8bit_mul|74285:inst6|43               ; out0             ;
; |8bit_mul|74285:inst6|47               ; |8bit_mul|74285:inst6|47               ; out0             ;
; |8bit_mul|74285:inst6|52               ; |8bit_mul|74285:inst6|52               ; out0             ;
; |8bit_mul|74285:inst6|53               ; |8bit_mul|74285:inst6|53               ; out0             ;
; |8bit_mul|74285:inst6|54               ; |8bit_mul|74285:inst6|54               ; out0             ;
; |8bit_mul|74285:inst6|60               ; |8bit_mul|74285:inst6|60               ; out0             ;
; |8bit_mul|74285:inst6|58               ; |8bit_mul|74285:inst6|58               ; out0             ;
; |8bit_mul|74285:inst6|62               ; |8bit_mul|74285:inst6|62               ; out0             ;
; |8bit_mul|74285:inst6|55               ; |8bit_mul|74285:inst6|55               ; out0             ;
; |8bit_mul|74285:inst6|61               ; |8bit_mul|74285:inst6|61               ; out0             ;
; |8bit_mul|74285:inst6|59               ; |8bit_mul|74285:inst6|59               ; out0             ;
; |8bit_mul|74285:inst6|65               ; |8bit_mul|74285:inst6|65               ; out0             ;
; |8bit_mul|74285:inst6|28               ; |8bit_mul|74285:inst6|28               ; out0             ;
; |8bit_mul|74285:inst6|20               ; |8bit_mul|74285:inst6|20               ; out0             ;
; |8bit_mul|74285:inst6|21               ; |8bit_mul|74285:inst6|21               ; out0             ;
; |8bit_mul|74285:inst6|24               ; |8bit_mul|74285:inst6|24               ; out0             ;
; |8bit_mul|74285:inst6|19               ; |8bit_mul|74285:inst6|19               ; out0             ;
; |8bit_mul|74285:inst6|23               ; |8bit_mul|74285:inst6|23               ; out0             ;
; |8bit_mul|74285:inst6|22               ; |8bit_mul|74285:inst6|22               ; out0             ;
; |8bit_mul|74285:inst6|27               ; |8bit_mul|74285:inst6|27               ; out0             ;
; |8bit_mul|74285:inst6|26               ; |8bit_mul|74285:inst6|26               ; out0             ;
; |8bit_mul|74285:inst6|14               ; |8bit_mul|74285:inst6|14               ; out0             ;
; |8bit_mul|74285:inst6|15               ; |8bit_mul|74285:inst6|15               ; out0             ;
; |8bit_mul|74285:inst6|16               ; |8bit_mul|74285:inst6|16               ; out0             ;
; |8bit_mul|74285:inst6|12               ; |8bit_mul|74285:inst6|12               ; out0             ;
; |8bit_mul|74284:inst|166               ; |8bit_mul|74284:inst|166               ; out0             ;
; |8bit_mul|74284:inst|164               ; |8bit_mul|74284:inst|164               ; out0             ;
; |8bit_mul|74284:inst|115               ; |8bit_mul|74284:inst|115               ; out0             ;
; |8bit_mul|74284:inst|124               ; |8bit_mul|74284:inst|124               ; out0             ;
; |8bit_mul|74284:inst|122               ; |8bit_mul|74284:inst|122               ; out0             ;
; |8bit_mul|74284:inst|120               ; |8bit_mul|74284:inst|120               ; out0             ;
; |8bit_mul|74284:inst|116               ; |8bit_mul|74284:inst|116               ; out0             ;
; |8bit_mul|74284:inst|118               ; |8bit_mul|74284:inst|118               ; out0             ;
; |8bit_mul|74284:inst|121               ; |8bit_mul|74284:inst|121               ; out0             ;
; |8bit_mul|74284:inst|125               ; |8bit_mul|74284:inst|125               ; out0             ;
; |8bit_mul|74284:inst|134               ; |8bit_mul|74284:inst|134               ; out0             ;
; |8bit_mul|74284:inst|132               ; |8bit_mul|74284:inst|132               ; out0             ;
; |8bit_mul|74284:inst|129               ; |8bit_mul|74284:inst|129               ; out0             ;
; |8bit_mul|74284:inst|131               ; |8bit_mul|74284:inst|131               ; out0             ;
; |8bit_mul|74284:inst|135               ; |8bit_mul|74284:inst|135               ; out0             ;
; |8bit_mul|74284:inst|137               ; |8bit_mul|74284:inst|137               ; out0             ;
; |8bit_mul|74284:inst|141               ; |8bit_mul|74284:inst|141               ; out0             ;
; |8bit_mul|74284:inst|143               ; |8bit_mul|74284:inst|143               ; out0             ;
; |8bit_mul|74284:inst|165               ; |8bit_mul|74284:inst|165               ; out0             ;
; |8bit_mul|74284:inst|145               ; |8bit_mul|74284:inst|145               ; out0             ;
; |8bit_mul|74284:inst|147               ; |8bit_mul|74284:inst|147               ; out0             ;
; |8bit_mul|74284:inst|149               ; |8bit_mul|74284:inst|149               ; out0             ;
; |8bit_mul|74284:inst|151               ; |8bit_mul|74284:inst|151               ; out0             ;
; |8bit_mul|74284:inst|153               ; |8bit_mul|74284:inst|153               ; out0             ;
; |8bit_mul|74284:inst|155               ; |8bit_mul|74284:inst|155               ; out0             ;
; |8bit_mul|74284:inst|160               ; |8bit_mul|74284:inst|160               ; out0             ;
; |8bit_mul|74284:inst|45                ; |8bit_mul|74284:inst|45                ; out0             ;
; |8bit_mul|74284:inst|40                ; |8bit_mul|74284:inst|40                ; out0             ;
; |8bit_mul|74284:inst|38                ; |8bit_mul|74284:inst|38                ; out0             ;
; |8bit_mul|74284:inst|34                ; |8bit_mul|74284:inst|34                ; out0             ;
; |8bit_mul|74284:inst|31                ; |8bit_mul|74284:inst|31                ; out0             ;
; |8bit_mul|74284:inst|30                ; |8bit_mul|74284:inst|30                ; out0             ;
; |8bit_mul|74284:inst|28                ; |8bit_mul|74284:inst|28                ; out0             ;
; |8bit_mul|74284:inst|26                ; |8bit_mul|74284:inst|26                ; out0             ;
; |8bit_mul|74284:inst|27                ; |8bit_mul|74284:inst|27                ; out0             ;
; |8bit_mul|74284:inst|29                ; |8bit_mul|74284:inst|29                ; out0             ;
; |8bit_mul|74284:inst|32                ; |8bit_mul|74284:inst|32                ; out0             ;
; |8bit_mul|74284:inst|25                ; |8bit_mul|74284:inst|25                ; out0             ;
; |8bit_mul|74284:inst|21                ; |8bit_mul|74284:inst|21                ; out0             ;
; |8bit_mul|74284:inst|19                ; |8bit_mul|74284:inst|19                ; out0             ;
; |8bit_mul|74284:inst|20                ; |8bit_mul|74284:inst|20                ; out0             ;
; |8bit_mul|74284:inst|24                ; |8bit_mul|74284:inst|24                ; out0             ;
; |8bit_mul|74284:inst|22                ; |8bit_mul|74284:inst|22                ; out0             ;
; |8bit_mul|74284:inst|23                ; |8bit_mul|74284:inst|23                ; out0             ;
; |8bit_mul|74284:inst|33                ; |8bit_mul|74284:inst|33                ; out0             ;
; |8bit_mul|74284:inst|37                ; |8bit_mul|74284:inst|37                ; out0             ;
; |8bit_mul|74284:inst|36                ; |8bit_mul|74284:inst|36                ; out0             ;
; |8bit_mul|74284:inst|17                ; |8bit_mul|74284:inst|17                ; out0             ;
; |8bit_mul|74284:inst|15                ; |8bit_mul|74284:inst|15                ; out0             ;
; |8bit_mul|74284:inst|12                ; |8bit_mul|74284:inst|12                ; out0             ;
; |8bit_mul|74284:inst|14                ; |8bit_mul|74284:inst|14                ; out0             ;
; |8bit_mul|74284:inst|13                ; |8bit_mul|74284:inst|13                ; out0             ;
; |8bit_mul|74284:inst|16                ; |8bit_mul|74284:inst|16                ; out0             ;
; |8bit_mul|74284:inst|39                ; |8bit_mul|74284:inst|39                ; out0             ;
; |8bit_mul|74284:inst|44                ; |8bit_mul|74284:inst|44                ; out0             ;
; |8bit_mul|74284:inst|43                ; |8bit_mul|74284:inst|43                ; out0             ;
; |8bit_mul|74284:inst|42                ; |8bit_mul|74284:inst|42                ; out0             ;
; |8bit_mul|74284:inst|41                ; |8bit_mul|74284:inst|41                ; out0             ;
; |8bit_mul|74284:inst|109               ; |8bit_mul|74284:inst|109               ; out0             ;
; |8bit_mul|74284:inst|107               ; |8bit_mul|74284:inst|107               ; out0             ;
; |8bit_mul|74284:inst|104               ; |8bit_mul|74284:inst|104               ; out0             ;
; |8bit_mul|74284:inst|92                ; |8bit_mul|74284:inst|92                ; out0             ;
; |8bit_mul|74284:inst|91                ; |8bit_mul|74284:inst|91                ; out0             ;
; |8bit_mul|74284:inst|89                ; |8bit_mul|74284:inst|89                ; out0             ;
; |8bit_mul|74284:inst|69                ; |8bit_mul|74284:inst|69                ; out0             ;
; |8bit_mul|74284:inst|65                ; |8bit_mul|74284:inst|65                ; out0             ;
; |8bit_mul|74284:inst|63                ; |8bit_mul|74284:inst|63                ; out0             ;
; |8bit_mul|74284:inst|64                ; |8bit_mul|74284:inst|64                ; out0             ;
; |8bit_mul|74284:inst|68                ; |8bit_mul|74284:inst|68                ; out0             ;
; |8bit_mul|74284:inst|66                ; |8bit_mul|74284:inst|66                ; out0             ;
; |8bit_mul|74284:inst|67                ; |8bit_mul|74284:inst|67                ; out0             ;
; |8bit_mul|74284:inst|90                ; |8bit_mul|74284:inst|90                ; out0             ;
; |8bit_mul|74284:inst|75                ; |8bit_mul|74284:inst|75                ; out0             ;
; |8bit_mul|74284:inst|74                ; |8bit_mul|74284:inst|74                ; out0             ;
; |8bit_mul|74284:inst|73                ; |8bit_mul|74284:inst|73                ; out0             ;
; |8bit_mul|74284:inst|71                ; |8bit_mul|74284:inst|71                ; out0             ;
; |8bit_mul|74284:inst|72                ; |8bit_mul|74284:inst|72                ; out0             ;
; |8bit_mul|74284:inst|98                ; |8bit_mul|74284:inst|98                ; out0             ;
; |8bit_mul|74284:inst|99                ; |8bit_mul|74284:inst|99                ; out0             ;
; |8bit_mul|74284:inst|93                ; |8bit_mul|74284:inst|93                ; out0             ;
; |8bit_mul|74284:inst|95                ; |8bit_mul|74284:inst|95                ; out0             ;
; |8bit_mul|74284:inst|94                ; |8bit_mul|74284:inst|94                ; out0             ;
; |8bit_mul|74284:inst|97                ; |8bit_mul|74284:inst|97                ; out0             ;
; |8bit_mul|74284:inst|96                ; |8bit_mul|74284:inst|96                ; out0             ;
; |8bit_mul|74284:inst|61                ; |8bit_mul|74284:inst|61                ; out0             ;
; |8bit_mul|74284:inst|60                ; |8bit_mul|74284:inst|60                ; out0             ;
; |8bit_mul|74284:inst|56                ; |8bit_mul|74284:inst|56                ; out0             ;
; |8bit_mul|74284:inst|58                ; |8bit_mul|74284:inst|58                ; out0             ;
; |8bit_mul|74284:inst|57                ; |8bit_mul|74284:inst|57                ; out0             ;
; |8bit_mul|74284:inst|59                ; |8bit_mul|74284:inst|59                ; out0             ;
; |8bit_mul|74284:inst|102               ; |8bit_mul|74284:inst|102               ; out0             ;
; |8bit_mul|74284:inst|101               ; |8bit_mul|74284:inst|101               ; out0             ;
; |8bit_mul|74284:inst|108               ; |8bit_mul|74284:inst|108               ; out0             ;
; |8bit_mul|74284:inst|110               ; |8bit_mul|74284:inst|110               ; out0             ;
; |8bit_mul|74284:inst|88                ; |8bit_mul|74284:inst|88                ; out0             ;
; |8bit_mul|74284:inst|80                ; |8bit_mul|74284:inst|80                ; out0             ;
; |8bit_mul|74284:inst|79                ; |8bit_mul|74284:inst|79                ; out0             ;
; |8bit_mul|74284:inst|55                ; |8bit_mul|74284:inst|55                ; out0             ;
; |8bit_mul|74284:inst|53                ; |8bit_mul|74284:inst|53                ; out0             ;
; |8bit_mul|74284:inst|54                ; |8bit_mul|74284:inst|54                ; out0             ;
; |8bit_mul|74284:inst|87                ; |8bit_mul|74284:inst|87                ; out0             ;
; |8bit_mul|74284:inst|76                ; |8bit_mul|74284:inst|76                ; out0             ;
; |8bit_mul|74284:inst|81                ; |8bit_mul|74284:inst|81                ; out0             ;
; |8bit_mul|74284:inst|82                ; |8bit_mul|74284:inst|82                ; out0             ;
; |8bit_mul|74284:inst|83                ; |8bit_mul|74284:inst|83                ; out0             ;
; |8bit_mul|74284:inst|84                ; |8bit_mul|74284:inst|84                ; out0             ;
; |8bit_mul|74284:inst|85                ; |8bit_mul|74284:inst|85                ; out0             ;
; |8bit_mul|74284:inst|86                ; |8bit_mul|74284:inst|86                ; out0             ;
; |8bit_mul|74284:inst|183               ; |8bit_mul|74284:inst|183               ; out0             ;
; |8bit_mul|74284:inst|179               ; |8bit_mul|74284:inst|179               ; out0             ;
; |8bit_mul|74284:inst|178               ; |8bit_mul|74284:inst|178               ; out0             ;
; |8bit_mul|74284:inst|182               ; |8bit_mul|74284:inst|182               ; out0             ;
; |8bit_mul|74284:inst|180               ; |8bit_mul|74284:inst|180               ; out0             ;
; |8bit_mul|74284:inst|181               ; |8bit_mul|74284:inst|181               ; out0             ;
; |8bit_mul|74284:inst|174               ; |8bit_mul|74284:inst|174               ; out0             ;
; |8bit_mul|74284:inst|175               ; |8bit_mul|74284:inst|175               ; out0             ;
; |8bit_mul|74284:inst|171               ; |8bit_mul|74284:inst|171               ; out0             ;
; |8bit_mul|74284:inst|173               ; |8bit_mul|74284:inst|173               ; out0             ;
; |8bit_mul|74284:inst|172               ; |8bit_mul|74284:inst|172               ; out0             ;
; |8bit_mul|74284:inst|170               ; |8bit_mul|74284:inst|170               ; out0             ;
; |8bit_mul|74284:inst|169               ; |8bit_mul|74284:inst|169               ; out0             ;
; |8bit_mul|74284:inst|168               ; |8bit_mul|74284:inst|168               ; out0             ;
; |8bit_mul|74283:inst283|f74283:sub|76  ; |8bit_mul|74283:inst283|f74283:sub|76  ; out0             ;
; |8bit_mul|74283:inst283|f74283:sub|107 ; |8bit_mul|74283:inst283|f74283:sub|107 ; out0             ;
; |8bit_mul|74283:inst283|f74283:sub|101 ; |8bit_mul|74283:inst283|f74283:sub|101 ; out0             ;
; |8bit_mul|74283:inst283|f74283:sub|106 ; |8bit_mul|74283:inst283|f74283:sub|106 ; out0             ;
; |8bit_mul|74283:inst283|f74283:sub|98  ; |8bit_mul|74283:inst283|f74283:sub|98  ; out0             ;
; |8bit_mul|74283:inst283|f74283:sub|105 ; |8bit_mul|74283:inst283|f74283:sub|105 ; out0             ;
; |8bit_mul|74283:inst283|f74283:sub|95  ; |8bit_mul|74283:inst283|f74283:sub|95  ; out0             ;
; |8bit_mul|74283:inst283|f74283:sub|93  ; |8bit_mul|74283:inst283|f74283:sub|93  ; out0             ;
; |8bit_mul|74283:inst283|f74283:sub|97  ; |8bit_mul|74283:inst283|f74283:sub|97  ; out0             ;
; |8bit_mul|74283:inst283|f74283:sub|96  ; |8bit_mul|74283:inst283|f74283:sub|96  ; out0             ;
; |8bit_mul|74283:inst283|f74283:sub|100 ; |8bit_mul|74283:inst283|f74283:sub|100 ; out0             ;
; |8bit_mul|74283:inst283|f74283:sub|99  ; |8bit_mul|74283:inst283|f74283:sub|99  ; out0             ;
; |8bit_mul|74283:inst283|f74283:sub|103 ; |8bit_mul|74283:inst283|f74283:sub|103 ; out0             ;
; |8bit_mul|74283:inst283|f74283:sub|102 ; |8bit_mul|74283:inst283|f74283:sub|102 ; out0             ;
; |8bit_mul|74283:inst283|f74283:sub|82  ; |8bit_mul|74283:inst283|f74283:sub|82  ; out0             ;
; |8bit_mul|74283:inst283|f74283:sub|83  ; |8bit_mul|74283:inst283|f74283:sub|83  ; out0             ;
; |8bit_mul|74283:inst283|f74283:sub|80  ; |8bit_mul|74283:inst283|f74283:sub|80  ; out0             ;
; |8bit_mul|74283:inst283|f74283:sub|81  ; |8bit_mul|74283:inst283|f74283:sub|81  ; out0             ;
; |8bit_mul|74283:inst283|f74283:sub|78  ; |8bit_mul|74283:inst283|f74283:sub|78  ; out0             ;
; |8bit_mul|74283:inst283|f74283:sub|79  ; |8bit_mul|74283:inst283|f74283:sub|79  ; out0             ;
; |8bit_mul|74283:inst10|f74283:sub|76   ; |8bit_mul|74283:inst10|f74283:sub|76   ; out0             ;
; |8bit_mul|74283:inst10|f74283:sub|77   ; |8bit_mul|74283:inst10|f74283:sub|77   ; out0             ;
; |8bit_mul|74283:inst10|f74283:sub|106  ; |8bit_mul|74283:inst10|f74283:sub|106  ; out0             ;
; |8bit_mul|74283:inst10|f74283:sub|98   ; |8bit_mul|74283:inst10|f74283:sub|98   ; out0             ;
; |8bit_mul|74283:inst10|f74283:sub|105  ; |8bit_mul|74283:inst10|f74283:sub|105  ; out0             ;
; |8bit_mul|74283:inst10|f74283:sub|95   ; |8bit_mul|74283:inst10|f74283:sub|95   ; out0             ;
; |8bit_mul|74283:inst10|f74283:sub|104  ; |8bit_mul|74283:inst10|f74283:sub|104  ; out0             ;
; |8bit_mul|74283:inst10|f74283:sub|92   ; |8bit_mul|74283:inst10|f74283:sub|92   ; out0             ;
; |8bit_mul|74283:inst10|f74283:sub|93   ; |8bit_mul|74283:inst10|f74283:sub|93   ; out0             ;
; |8bit_mul|74283:inst10|f74283:sub|94   ; |8bit_mul|74283:inst10|f74283:sub|94   ; out0             ;
; |8bit_mul|74283:inst10|f74283:sub|97   ; |8bit_mul|74283:inst10|f74283:sub|97   ; out0             ;
; |8bit_mul|74283:inst10|f74283:sub|96   ; |8bit_mul|74283:inst10|f74283:sub|96   ; out0             ;
; |8bit_mul|74283:inst10|f74283:sub|100  ; |8bit_mul|74283:inst10|f74283:sub|100  ; out0             ;
; |8bit_mul|74283:inst10|f74283:sub|99   ; |8bit_mul|74283:inst10|f74283:sub|99   ; out0             ;
; |8bit_mul|74283:inst10|f74283:sub|82   ; |8bit_mul|74283:inst10|f74283:sub|82   ; out0             ;
; |8bit_mul|74283:inst10|f74283:sub|83   ; |8bit_mul|74283:inst10|f74283:sub|83   ; out0             ;
; |8bit_mul|74283:inst10|f74283:sub|80   ; |8bit_mul|74283:inst10|f74283:sub|80   ; out0             ;
; |8bit_mul|74283:inst10|f74283:sub|81   ; |8bit_mul|74283:inst10|f74283:sub|81   ; out0             ;
; |8bit_mul|74283:inst10|f74283:sub|78   ; |8bit_mul|74283:inst10|f74283:sub|78   ; out0             ;
; |8bit_mul|74283:inst10|f74283:sub|79   ; |8bit_mul|74283:inst10|f74283:sub|79   ; out0             ;
; |8bit_mul|74285:inst4|66               ; |8bit_mul|74285:inst4|66               ; out0             ;
; |8bit_mul|74285:inst4|64               ; |8bit_mul|74285:inst4|64               ; out0             ;
; |8bit_mul|74285:inst4|49               ; |8bit_mul|74285:inst4|49               ; out0             ;
; |8bit_mul|74285:inst4|44               ; |8bit_mul|74285:inst4|44               ; out0             ;
; |8bit_mul|74285:inst4|41               ; |8bit_mul|74285:inst4|41               ; out0             ;
; |8bit_mul|74285:inst4|40               ; |8bit_mul|74285:inst4|40               ; out0             ;
; |8bit_mul|74285:inst4|50               ; |8bit_mul|74285:inst4|50               ; out0             ;
; |8bit_mul|74285:inst4|51               ; |8bit_mul|74285:inst4|51               ; out0             ;
; |8bit_mul|74285:inst4|43               ; |8bit_mul|74285:inst4|43               ; out0             ;
; |8bit_mul|74285:inst4|47               ; |8bit_mul|74285:inst4|47               ; out0             ;
; |8bit_mul|74285:inst4|52               ; |8bit_mul|74285:inst4|52               ; out0             ;
; |8bit_mul|74285:inst4|53               ; |8bit_mul|74285:inst4|53               ; out0             ;
; |8bit_mul|74285:inst4|54               ; |8bit_mul|74285:inst4|54               ; out0             ;
; |8bit_mul|74285:inst4|60               ; |8bit_mul|74285:inst4|60               ; out0             ;
; |8bit_mul|74285:inst4|58               ; |8bit_mul|74285:inst4|58               ; out0             ;
; |8bit_mul|74285:inst4|62               ; |8bit_mul|74285:inst4|62               ; out0             ;
; |8bit_mul|74285:inst4|55               ; |8bit_mul|74285:inst4|55               ; out0             ;
; |8bit_mul|74285:inst4|61               ; |8bit_mul|74285:inst4|61               ; out0             ;
; |8bit_mul|74285:inst4|59               ; |8bit_mul|74285:inst4|59               ; out0             ;
; |8bit_mul|74285:inst4|65               ; |8bit_mul|74285:inst4|65               ; out0             ;
; |8bit_mul|74285:inst4|28               ; |8bit_mul|74285:inst4|28               ; out0             ;
; |8bit_mul|74285:inst4|20               ; |8bit_mul|74285:inst4|20               ; out0             ;
; |8bit_mul|74285:inst4|21               ; |8bit_mul|74285:inst4|21               ; out0             ;
; |8bit_mul|74285:inst4|24               ; |8bit_mul|74285:inst4|24               ; out0             ;
; |8bit_mul|74285:inst4|19               ; |8bit_mul|74285:inst4|19               ; out0             ;
; |8bit_mul|74285:inst4|23               ; |8bit_mul|74285:inst4|23               ; out0             ;
; |8bit_mul|74285:inst4|22               ; |8bit_mul|74285:inst4|22               ; out0             ;
; |8bit_mul|74285:inst4|27               ; |8bit_mul|74285:inst4|27               ; out0             ;
; |8bit_mul|74285:inst4|26               ; |8bit_mul|74285:inst4|26               ; out0             ;
; |8bit_mul|74285:inst4|14               ; |8bit_mul|74285:inst4|14               ; out0             ;
; |8bit_mul|74285:inst4|15               ; |8bit_mul|74285:inst4|15               ; out0             ;
; |8bit_mul|74285:inst4|16               ; |8bit_mul|74285:inst4|16               ; out0             ;
; |8bit_mul|74285:inst4|12               ; |8bit_mul|74285:inst4|12               ; out0             ;
+----------------------------------------+----------------------------------------+------------------+


+---------------------+
; Simulator INI Usage ;
+--------+------------+
; Option ; Usage      ;
+--------+------------+


+--------------------+
; Simulator Messages ;
+--------------------+
Info: *******************************************************************
Info: Running Quartus II 64-Bit Simulator
    Info: Version 13.0.1 Build 232 06/12/2013 Service Pack 1 SJ Full Version
    Info: Processing started: Wed Oct 16 13:56:51 2019
Info: Command: quartus_sim --simulation_results_format=VWF 8bit_mul -c 8bit_mul_qsim
Info (324025): Using vector source file "D:/Impurity/Computer Composition/T3/8bit_mul/Waveform.vwf"
Info (310003): Option to preserve fewer signal transitions to reduce memory requirements is enabled
    Info (310004): Simulation has been partitioned into sub-simulations according to the maximum transition count determined by the engine. Transitions from memory will be flushed out to disk at the end of each sub-simulation to reduce memory requirements.
Info (310002): Simulation partitioned into 1 sub-simulations
Info (328053): Simulation coverage is       0.00 %
Info (328052): Number of transitions in simulation is 0
Info (324045): Vector file 8bit_mul_qsim.sim.vwf is saved in VWF text format. You can compress it into CVWF format in order to reduce file size. For more details please refer to the Quartus II Help.
Info: Quartus II 64-Bit Simulator was successful. 0 errors, 0 warnings
    Info: Peak virtual memory: 4470 megabytes
    Info: Processing ended: Wed Oct 16 13:56:51 2019
    Info: Elapsed time: 00:00:00
    Info: Total CPU time (on all processors): 00:00:00


